    OpenRGB v0.9+ (1.0rc2)
    Commit: 0fca93e4544f943d4d7ec8073dba4e47c18ef54b from 2025-09-14 14:31:57 -0500
    Launched: 20260512_063031
====================================================================================================

0     |Info:    [ProfileManager] Found file: rgbs.orp attempting to validate header
0     |Info:    [ProfileManager] Valid v5 profile found for rgbs
53    |Info:    [ResourceManager] Initializing HID interfaces: Success
53    |Info:    ------------------------------------------------------
53    |Info:    |               Start device detection               |
53    |Info:    ------------------------------------------------------
59    |Info:    ------------------------------------------------------
59    |Info:    |             Detecting I2C interfaces               |
59    |Info:    ------------------------------------------------------
59    |Info:    [ResourceManager] Registering I2C interface: /dev/i2c-3 Device 10DE:1AED Subsystem: 10DE:139D
59    |Info:    [ResourceManager] Registering I2C interface: /dev/i2c-1 Device 1022:790B Subsystem: 1462:7C02
59    |Info:    [ResourceManager] Registering I2C interface: /dev/i2c-6 Device 10DE:2187 Subsystem: 10DE:139D
59    |Info:    [ResourceManager] Registering I2C interface: /dev/i2c-4 Device 10DE:2187 Subsystem: 10DE:139D
59    |Info:    [ResourceManager] Registering I2C interface: /dev/i2c-2 Device 1022:790B Subsystem: 1462:7C02
59    |Info:    [ResourceManager] Registering I2C interface: /dev/i2c-0 Device 1022:790B Subsystem: 1462:7C02
60    |Info:    [ResourceManager] Registering I2C interface: /dev/i2c-7 Device 10DE:2187 Subsystem: 10DE:139D
60    |Info:    [ResourceManager] Registering I2C interface: /dev/i2c-5 Device 10DE:2187 Subsystem: 10DE:139D
60    |Info:    ------------------------------------------------------
60    |Info:    |               Detecting I2C devices                |
60    |Info:    ------------------------------------------------------
1127  |Info:    [ENE DRAM] Registering RGB controller
1295  |Info:    [ENE DRAM] Registering RGB controller
1335  |Info:    ------------------------------------------------------
1335  |Info:    |            Detecting I2C DIMM modules              |
1335  |Info:    ------------------------------------------------------
1435  |Info:    [ResourceManager] Detected occupied slot 1, bus 5, type DDR4
1451  |Info:    [ResourceManager] Detected occupied slot 2, bus 5, type DDR4
1473  |Info:    [ResourceManager] Detected occupied slot 3, bus 5, type DDR4
1500  |Info:    [ResourceManager] Detected occupied slot 4, bus 5, type DDR4
1553  |Info:    ------------------------------------------------------
1553  |Info:    |               Detecting I2C PCI devices            |
1553  |Info:    ------------------------------------------------------
1553  |Info:    ------------------------------------------------------
1553  |Info:    |               Detecting HID devices                |
1553  |Info:    ------------------------------------------------------
2032  |Info:    [NZXT Kraken X2] Registering RGB controller
2032  |Info:    ------------------------------------------------------
2032  |Info:    |            Detecting libusb HID devices            |
2032  |Info:    ------------------------------------------------------
2032  |Info:    ------------------------------------------------------
2032  |Info:    |              Detecting other devices               |
2032  |Info:    ------------------------------------------------------
2049  |Info:    [ResourceManager] Calling Post-detection callbacks
2049  |Info:    ------------------------------------------------------
2049  |Info:    |                Detection completed                 |
2049  |Info:    ------------------------------------------------------
