    OpenRGB v0.9+ (1.0rc2)
    Commit: 0fca93e4544f943d4d7ec8073dba4e47c18ef54b from 2025-09-14 14:31:57 -0500
    Launched: 20260512_065000
====================================================================================================

0     |Info:    [ProfileManager] Found file: rgbs.orp attempting to validate header
0     |Info:    [ProfileManager] Valid v5 profile found for rgbs
53    |Info:    [ResourceManager] Initializing HID interfaces: Success
53    |Info:    ------------------------------------------------------
53    |Info:    |               Start device detection               |
53    |Info:    ------------------------------------------------------
58    |Info:    ------------------------------------------------------
58    |Info:    |             Detecting I2C interfaces               |
58    |Info:    ------------------------------------------------------
59    |Info:    [ResourceManager] Registering I2C interface: /dev/i2c-3 Device 10DE:1AED Subsystem: 10DE:139D
59    |Info:    [ResourceManager] Registering I2C interface: /dev/i2c-1 Device 1022:790B Subsystem: 1462:7C02
59    |Info:    [ResourceManager] Registering I2C interface: /dev/i2c-6 Device 10DE:2187 Subsystem: 10DE:139D
59    |Info:    [ResourceManager] Registering I2C interface: /dev/i2c-4 Device 10DE:2187 Subsystem: 10DE:139D
59    |Info:    [ResourceManager] Registering I2C interface: /dev/i2c-2 Device 1022:790B Subsystem: 1462:7C02
59    |Info:    [ResourceManager] Registering I2C interface: /dev/i2c-0 Device 1022:790B Subsystem: 1462:7C02
59    |Info:    [ResourceManager] Registering I2C interface: /dev/i2c-7 Device 10DE:2187 Subsystem: 10DE:139D
59    |Info:    [ResourceManager] Registering I2C interface: /dev/i2c-5 Device 10DE:2187 Subsystem: 10DE:139D
59    |Info:    ------------------------------------------------------
59    |Info:    |               Detecting I2C devices                |
59    |Info:    ------------------------------------------------------
1138  |Info:    [ENE DRAM] Registering RGB controller
1315  |Info:    [ENE DRAM] Registering RGB controller
1355  |Info:    ------------------------------------------------------
1355  |Info:    |            Detecting I2C DIMM modules              |
1355  |Info:    ------------------------------------------------------
1455  |Info:    [ResourceManager] Detected occupied slot 1, bus 5, type DDR4
1472  |Info:    [ResourceManager] Detected occupied slot 2, bus 5, type DDR4
1494  |Info:    [ResourceManager] Detected occupied slot 3, bus 5, type DDR4
1521  |Info:    [ResourceManager] Detected occupied slot 4, bus 5, type DDR4
1574  |Info:    ------------------------------------------------------
1574  |Info:    |               Detecting I2C PCI devices            |
1574  |Info:    ------------------------------------------------------
1575  |Info:    ------------------------------------------------------
1575  |Info:    |               Detecting HID devices                |
1575  |Info:    ------------------------------------------------------
1773  |Info:    [NZXT Kraken X2] Registering RGB controller
1773  |Info:    ------------------------------------------------------
1773  |Info:    |            Detecting libusb HID devices            |
1773  |Info:    ------------------------------------------------------
1773  |Info:    ------------------------------------------------------
1773  |Info:    |              Detecting other devices               |
1773  |Info:    ------------------------------------------------------
1800  |Info:    [ResourceManager] Calling Post-detection callbacks
1800  |Info:    ------------------------------------------------------
1800  |Info:    |                Detection completed                 |
1800  |Info:    ------------------------------------------------------
1801  |Info:    [ProfileManager] Profile loading: Succeeded for ENE DRAM @ I2C: /dev/i2c-0, address 0x71
1801  |Info:    [ProfileManager] Profile loading: Succeeded for ENE DRAM @ I2C: /dev/i2c-0, address 0x73
1801  |Info:    [ProfileManager] Profile loading: Succeeded for NZXT Kraken X2 @ HID: /dev/hidraw4
