    OpenRGB v0.9+ (1.0rc2)
    Commit: 0fca93e4544f943d4d7ec8073dba4e47c18ef54b from 2025-09-14 14:31:57 -0500
    Launched: 20260512_062102
====================================================================================================

53    |Info:    [ResourceManager] Initializing HID interfaces: Success
53    |Info:    ------------------------------------------------------
53    |Info:    |               Start device detection               |
53    |Info:    ------------------------------------------------------
59    |Info:    ------------------------------------------------------
59    |Info:    |             Detecting I2C interfaces               |
59    |Info:    ------------------------------------------------------
59    |Info:    [ResourceManager] Registering I2C interface: /dev/i2c-3 Device 10DE:1AED Subsystem: 10DE:139D
59    |Info:    [ResourceManager] Registering I2C interface: /dev/i2c-1 Device 1022:790B Subsystem: 1462:7C02
59    |Info:    [ResourceManager] Registering I2C interface: /dev/i2c-6 Device 10DE:2187 Subsystem: 10DE:139D
59    |Info:    [ResourceManager] Registering I2C interface: /dev/i2c-4 Device 10DE:2187 Subsystem: 10DE:139D
59    |Info:    [ResourceManager] Registering I2C interface: /dev/i2c-2 Device 1022:790B Subsystem: 1462:7C02
59    |Info:    [ResourceManager] Registering I2C interface: /dev/i2c-0 Device 1022:790B Subsystem: 1462:7C02
60    |Info:    [ResourceManager] Registering I2C interface: /dev/i2c-7 Device 10DE:2187 Subsystem: 10DE:139D
60    |Info:    [ResourceManager] Registering I2C interface: /dev/i2c-5 Device 10DE:2187 Subsystem: 10DE:139D
60    |Info:    ------------------------------------------------------
60    |Info:    |               Detecting I2C devices                |
60    |Info:    ------------------------------------------------------
1129  |Info:    [ENE DRAM] Registering RGB controller
1297  |Info:    [ENE DRAM] Registering RGB controller
1338  |Info:    ------------------------------------------------------
1338  |Info:    |            Detecting I2C DIMM modules              |
1338  |Info:    ------------------------------------------------------
1438  |Info:    [ResourceManager] Detected occupied slot 1, bus 5, type DDR4
1455  |Info:    [ResourceManager] Detected occupied slot 2, bus 5, type DDR4
1477  |Info:    [ResourceManager] Detected occupied slot 3, bus 5, type DDR4
1504  |Info:    [ResourceManager] Detected occupied slot 4, bus 5, type DDR4
1557  |Info:    ------------------------------------------------------
1557  |Info:    |               Detecting I2C PCI devices            |
1557  |Info:    ------------------------------------------------------
1558  |Info:    ------------------------------------------------------
1558  |Info:    |               Detecting HID devices                |
1558  |Info:    ------------------------------------------------------
1897  |Info:    [NZXT Kraken X2] Registering RGB controller
1897  |Info:    ------------------------------------------------------
1897  |Info:    |            Detecting libusb HID devices            |
1897  |Info:    ------------------------------------------------------
1897  |Info:    ------------------------------------------------------
1897  |Info:    |              Detecting other devices               |
1897  |Info:    ------------------------------------------------------
1926  |Info:    [ResourceManager] Calling Post-detection callbacks
1926  |Info:    ------------------------------------------------------
1926  |Info:    |                Detection completed                 |
1926  |Info:    ------------------------------------------------------
