    OpenRGB v0.9+ (1.0rc2)
    Commit: 0fca93e4544f943d4d7ec8073dba4e47c18ef54b from 2025-09-14 14:31:57 -0500
    Launched: 20260512_065159
====================================================================================================

0     |Info:    [ProfileManager] Found file: rgbs.orp attempting to validate header
0     |Info:    [ProfileManager] Valid v5 profile found for rgbs
62    |Info:    [ResourceManager] Initializing HID interfaces: Success
62    |Info:    ------------------------------------------------------
62    |Info:    |               Start device detection               |
62    |Info:    ------------------------------------------------------
72    |Info:    ------------------------------------------------------
72    |Info:    |             Detecting I2C interfaces               |
72    |Info:    ------------------------------------------------------
72    |Info:    [ResourceManager] Registering I2C interface: /dev/i2c-3 Device 1022:790B Subsystem: 1462:7C02
75    |Info:    [ResourceManager] Registering I2C interface: /dev/i2c-1 Device 1022:790B Subsystem: 1462:7C02
75    |Info:    [ResourceManager] Registering I2C interface: /dev/i2c-6 Device 10DE:2187 Subsystem: 10DE:139D
76    |Info:    [ResourceManager] Registering I2C interface: /dev/i2c-4 Device 10DE:2187 Subsystem: 10DE:139D
76    |Info:    [ResourceManager] Registering I2C interface: /dev/i2c-2 Device 10DE:1AED Subsystem: 10DE:139D
76    |Info:    [ResourceManager] Registering I2C interface: /dev/i2c-0 Device 1022:790B Subsystem: 1462:7C02
76    |Info:    [ResourceManager] Registering I2C interface: /dev/i2c-7 Device 10DE:2187 Subsystem: 10DE:139D
76    |Info:    [ResourceManager] Registering I2C interface: /dev/i2c-5 Device 10DE:2187 Subsystem: 10DE:139D
76    |Info:    ------------------------------------------------------
76    |Info:    |               Detecting I2C devices                |
76    |Info:    ------------------------------------------------------
1161  |Info:    [ENE DRAM] Registering RGB controller
1329  |Info:    [ENE DRAM] Registering RGB controller
1369  |Info:    ------------------------------------------------------
1369  |Info:    |            Detecting I2C DIMM modules              |
1369  |Info:    ------------------------------------------------------
1470  |Info:    [ResourceManager] Detected occupied slot 1, bus 5, type DDR4
1487  |Info:    [ResourceManager] Detected occupied slot 2, bus 5, type DDR4
1509  |Info:    [ResourceManager] Detected occupied slot 3, bus 5, type DDR4
1536  |Info:    [ResourceManager] Detected occupied slot 4, bus 5, type DDR4
1588  |Info:    ------------------------------------------------------
1588  |Info:    |               Detecting I2C PCI devices            |
1588  |Info:    ------------------------------------------------------
1588  |Info:    ------------------------------------------------------
1588  |Info:    |               Detecting HID devices                |
1589  |Info:    ------------------------------------------------------
1689  |Info:    [NZXT Kraken X2] Registering RGB controller
1689  |Info:    ------------------------------------------------------
1689  |Info:    |            Detecting libusb HID devices            |
1689  |Info:    ------------------------------------------------------
1689  |Info:    ------------------------------------------------------
1689  |Info:    |              Detecting other devices               |
1689  |Info:    ------------------------------------------------------
1717  |Info:    [ResourceManager] Calling Post-detection callbacks
1717  |Info:    ------------------------------------------------------
1717  |Info:    |                Detection completed                 |
1717  |Info:    ------------------------------------------------------
1717  |Info:    [ProfileManager] Profile loading: Succeeded for ENE DRAM @ I2C: /dev/i2c-0, address 0x71
1717  |Info:    [ProfileManager] Profile loading: Succeeded for ENE DRAM @ I2C: /dev/i2c-0, address 0x73
1717  |Info:    [ProfileManager] Profile loading: Succeeded for NZXT Kraken X2 @ HID: /dev/hidraw7
