    OpenRGB v0.9+ (1.0rc2)
    Commit: 0fca93e4544f943d4d7ec8073dba4e47c18ef54b from 2025-09-14 14:31:57 -0500
    Launched: 20260512_062519
====================================================================================================

0     |Info:    [ProfileManager] Found file: rgbs.orp.orp attempting to validate header
0     |Info:    [ProfileManager] Valid v5 profile found for rgbs.orp
53    |Info:    [ResourceManager] Initializing HID interfaces: Success
53    |Info:    ------------------------------------------------------
53    |Info:    |               Start device detection               |
53    |Info:    ------------------------------------------------------
59    |Info:    ------------------------------------------------------
59    |Info:    |             Detecting I2C interfaces               |
59    |Info:    ------------------------------------------------------
59    |Info:    [ResourceManager] Registering I2C interface: /dev/i2c-3 Device 10DE:1AED Subsystem: 10DE:139D
59    |Info:    [ResourceManager] Registering I2C interface: /dev/i2c-1 Device 1022:790B Subsystem: 1462:7C02
59    |Info:    [ResourceManager] Registering I2C interface: /dev/i2c-6 Device 10DE:2187 Subsystem: 10DE:139D
59    |Info:    [ResourceManager] Registering I2C interface: /dev/i2c-4 Device 10DE:2187 Subsystem: 10DE:139D
59    |Info:    [ResourceManager] Registering I2C interface: /dev/i2c-2 Device 1022:790B Subsystem: 1462:7C02
59    |Info:    [ResourceManager] Registering I2C interface: /dev/i2c-0 Device 1022:790B Subsystem: 1462:7C02
59    |Info:    [ResourceManager] Registering I2C interface: /dev/i2c-7 Device 10DE:2187 Subsystem: 10DE:139D
59    |Info:    [ResourceManager] Registering I2C interface: /dev/i2c-5 Device 10DE:2187 Subsystem: 10DE:139D
59    |Info:    ------------------------------------------------------
59    |Info:    |               Detecting I2C devices                |
59    |Info:    ------------------------------------------------------
1127  |Info:    [ENE DRAM] Registering RGB controller
1295  |Info:    [ENE DRAM] Registering RGB controller
1337  |Info:    ------------------------------------------------------
1337  |Info:    |            Detecting I2C DIMM modules              |
1337  |Info:    ------------------------------------------------------
1436  |Info:    [ResourceManager] Detected occupied slot 1, bus 5, type DDR4
1453  |Info:    [ResourceManager] Detected occupied slot 2, bus 5, type DDR4
1475  |Info:    [ResourceManager] Detected occupied slot 3, bus 5, type DDR4
1502  |Info:    [ResourceManager] Detected occupied slot 4, bus 5, type DDR4
1554  |Info:    ------------------------------------------------------
1554  |Info:    |               Detecting I2C PCI devices            |
1554  |Info:    ------------------------------------------------------
1555  |Info:    ------------------------------------------------------
1555  |Info:    |               Detecting HID devices                |
1555  |Info:    ------------------------------------------------------
1844  |Info:    [NZXT Kraken X2] Registering RGB controller
1844  |Info:    ------------------------------------------------------
1844  |Info:    |            Detecting libusb HID devices            |
1844  |Info:    ------------------------------------------------------
1844  |Info:    ------------------------------------------------------
1844  |Info:    |              Detecting other devices               |
1844  |Info:    ------------------------------------------------------
1866  |Info:    [ResourceManager] Calling Post-detection callbacks
1866  |Info:    ------------------------------------------------------
1866  |Info:    |                Detection completed                 |
1866  |Info:    ------------------------------------------------------
1889  |Info:    [ProfileManager] Found file: rgbs.orp attempting to validate header
1889  |Info:    [ProfileManager] Valid v5 profile found for rgbs
1889  |Info:    [ProfileManager] Found file: rgbs.orp.orp attempting to validate header
1889  |Info:    [ProfileManager] Valid v5 profile found for rgbs.orp
1889  |Info:    [CLI] Profile saved successfully
