    OpenRGB v0.9+ (1.0rc2)
    Commit: 0fca93e4544f943d4d7ec8073dba4e47c18ef54b from 2025-09-14 14:31:57 -0500
    Launched: 20260512_062513
====================================================================================================

53    |Info:    [ResourceManager] Initializing HID interfaces: Success
53    |Info:    ------------------------------------------------------
53    |Info:    |               Start device detection               |
53    |Info:    ------------------------------------------------------
59    |Info:    ------------------------------------------------------
59    |Info:    |             Detecting I2C interfaces               |
59    |Info:    ------------------------------------------------------
59    |Info:    [ResourceManager] Registering I2C interface: /dev/i2c-3 Device 10DE:1AED Subsystem: 10DE:139D
59    |Info:    [ResourceManager] Registering I2C interface: /dev/i2c-1 Device 1022:790B Subsystem: 1462:7C02
59    |Info:    [ResourceManager] Registering I2C interface: /dev/i2c-6 Device 10DE:2187 Subsystem: 10DE:139D
59    |Info:    [ResourceManager] Registering I2C interface: /dev/i2c-4 Device 10DE:2187 Subsystem: 10DE:139D
59    |Info:    [ResourceManager] Registering I2C interface: /dev/i2c-2 Device 1022:790B Subsystem: 1462:7C02
59    |Info:    [ResourceManager] Registering I2C interface: /dev/i2c-0 Device 1022:790B Subsystem: 1462:7C02
59    |Info:    [ResourceManager] Registering I2C interface: /dev/i2c-7 Device 10DE:2187 Subsystem: 10DE:139D
60    |Info:    [ResourceManager] Registering I2C interface: /dev/i2c-5 Device 10DE:2187 Subsystem: 10DE:139D
60    |Info:    ------------------------------------------------------
60    |Info:    |               Detecting I2C devices                |
60    |Info:    ------------------------------------------------------
1129  |Info:    [ENE DRAM] Registering RGB controller
1301  |Info:    [ENE DRAM] Registering RGB controller
1341  |Info:    ------------------------------------------------------
1341  |Info:    |            Detecting I2C DIMM modules              |
1341  |Info:    ------------------------------------------------------
1442  |Info:    [ResourceManager] Detected occupied slot 1, bus 5, type DDR4
1459  |Info:    [ResourceManager] Detected occupied slot 2, bus 5, type DDR4
1481  |Info:    [ResourceManager] Detected occupied slot 3, bus 5, type DDR4
1508  |Info:    [ResourceManager] Detected occupied slot 4, bus 5, type DDR4
1561  |Info:    ------------------------------------------------------
1561  |Info:    |               Detecting I2C PCI devices            |
1561  |Info:    ------------------------------------------------------
1561  |Info:    ------------------------------------------------------
1561  |Info:    |               Detecting HID devices                |
1561  |Info:    ------------------------------------------------------
1861  |Info:    [NZXT Kraken X2] Registering RGB controller
1861  |Info:    ------------------------------------------------------
1861  |Info:    |            Detecting libusb HID devices            |
1861  |Info:    ------------------------------------------------------
1861  |Info:    ------------------------------------------------------
1861  |Info:    |              Detecting other devices               |
1861  |Info:    ------------------------------------------------------
1885  |Info:    [ResourceManager] Calling Post-detection callbacks
1886  |Info:    ------------------------------------------------------
1886  |Info:    |                Detection completed                 |
1886  |Info:    ------------------------------------------------------
1907  |Info:    [ProfileManager] Found file: rgbs.orp.orp attempting to validate header
1907  |Info:    [ProfileManager] Valid v5 profile found for rgbs.orp
1907  |Info:    [CLI] Profile saved successfully
