    OpenRGB v0.9+ (1.0rc2)
    Commit: 0fca93e4544f943d4d7ec8073dba4e47c18ef54b from 2025-09-14 14:31:57 -0500
    Launched: 20260512_063311
====================================================================================================

0     |Info:    [ProfileManager] Found file: rgbs.orp attempting to validate header
0     |Info:    [ProfileManager] Valid v5 profile found for rgbs
53    |Info:    [ResourceManager] Initializing HID interfaces: Success
53    |Info:    ------------------------------------------------------
53    |Info:    |               Start device detection               |
53    |Info:    ------------------------------------------------------
61    |Info:    ------------------------------------------------------
61    |Info:    |             Detecting I2C interfaces               |
61    |Info:    ------------------------------------------------------
61    |Info:    [ResourceManager] Registering I2C interface: /dev/i2c-3 Device 10DE:1AED Subsystem: 10DE:139D
61    |Info:    [ResourceManager] Registering I2C interface: /dev/i2c-1 Device 1022:790B Subsystem: 1462:7C02
61    |Info:    [ResourceManager] Registering I2C interface: /dev/i2c-6 Device 10DE:2187 Subsystem: 10DE:139D
62    |Info:    [ResourceManager] Registering I2C interface: /dev/i2c-4 Device 10DE:2187 Subsystem: 10DE:139D
62    |Info:    [ResourceManager] Registering I2C interface: /dev/i2c-2 Device 1022:790B Subsystem: 1462:7C02
62    |Info:    [ResourceManager] Registering I2C interface: /dev/i2c-0 Device 1022:790B Subsystem: 1462:7C02
62    |Info:    [ResourceManager] Registering I2C interface: /dev/i2c-7 Device 10DE:2187 Subsystem: 10DE:139D
62    |Info:    [ResourceManager] Registering I2C interface: /dev/i2c-5 Device 10DE:2187 Subsystem: 10DE:139D
62    |Info:    ------------------------------------------------------
62    |Info:    |               Detecting I2C devices                |
62    |Info:    ------------------------------------------------------
1132  |Info:    [ENE DRAM] Registering RGB controller
1299  |Info:    [ENE DRAM] Registering RGB controller
1339  |Info:    ------------------------------------------------------
1339  |Info:    |            Detecting I2C DIMM modules              |
1339  |Info:    ------------------------------------------------------
1439  |Info:    [ResourceManager] Detected occupied slot 1, bus 5, type DDR4
1456  |Info:    [ResourceManager] Detected occupied slot 2, bus 5, type DDR4
1478  |Info:    [ResourceManager] Detected occupied slot 3, bus 5, type DDR4
1504  |Info:    [ResourceManager] Detected occupied slot 4, bus 5, type DDR4
1557  |Info:    ------------------------------------------------------
1557  |Info:    |               Detecting I2C PCI devices            |
1557  |Info:    ------------------------------------------------------
1558  |Info:    ------------------------------------------------------
1558  |Info:    |               Detecting HID devices                |
1558  |Info:    ------------------------------------------------------
2042  |Info:    [NZXT Kraken X2] Registering RGB controller
2042  |Info:    ------------------------------------------------------
2042  |Info:    |            Detecting libusb HID devices            |
2042  |Info:    ------------------------------------------------------
2042  |Info:    ------------------------------------------------------
2042  |Info:    |              Detecting other devices               |
2042  |Info:    ------------------------------------------------------
2066  |Info:    [ResourceManager] Calling Post-detection callbacks
2066  |Info:    ------------------------------------------------------
2066  |Info:    |                Detection completed                 |
2066  |Info:    ------------------------------------------------------
