--- Startup times for process: Primary (or UI client)  --

times in msec
 clock   self+sourced   self:  sourced script
 clock   elapsed:              other lines

000.000  000.000: --- NVIM STARTING ---
000.117  000.117: event init
000.195  000.078: early init
000.231  000.035: locale set
000.269  000.038: init first window
000.558  000.289: inits 1
000.562  000.005: window checked
000.565  000.002: parsing arguments
000.923  000.029  000.029: require('vim.shared')
000.995  000.030  000.030: require('vim.inspect')
001.031  000.030  000.030: require('vim._options')
001.034  000.109  000.049: require('vim._editor')
001.035  000.156  000.018: require('vim._init_packages')
001.036  000.315: init lua interpreter
001.078  000.042: expanding arguments
001.094  000.016: inits 2
001.287  000.193: init highlight
001.296  000.010: clear screen
001.396  000.011  000.011: require('vim.keymap')
001.966  000.102  000.102: sourcing nvim_exec2()
002.046  000.748  000.634: require('vim._defaults')
002.047  000.002: init default mappings & autocommands
002.406  000.032  000.032: sourcing /snap/nvim/4611/usr/share/nvim/runtime/ftplugin.vim
002.453  000.018  000.018: sourcing /snap/nvim/4611/usr/share/nvim/runtime/indent.vim
003.773  000.003  000.003: require('vim.F')
003.795  000.958  000.955: require('vim.diagnostic')
004.027  001.480  000.522: require('kbgjtn.config.keymaps')
004.220  000.020  000.020: require('vim.fs')
004.290  000.068  000.068: require('vim.uri')
004.300  000.112  000.024: require('vim.loader')
005.351  001.035  001.035: require('vim.filetype')
005.533  000.004  000.004: sourcing nvim_exec2() called at /home/ozy/.config/nvim/init.lua:0
005.545  000.009  000.009: sourcing nvim_exec2() called at /home/ozy/.config/nvim/init.lua:0
005.663  000.003  000.003: sourcing nvim_exec2() called at /home/ozy/.config/nvim/init.lua:0
005.666  000.001  000.001: sourcing nvim_exec2() called at /home/ozy/.config/nvim/init.lua:0
005.992  001.963  000.799: require('kbgjtn.config.options')
006.085  000.092  000.092: require('kbgjtn.config.globals')
006.087  003.568  000.034: require('kbgjtn.config')
006.470  000.076  000.076: require('vim.lsp.log')
006.927  000.453  000.453: require('vim.lsp.protocol')
007.143  000.213  000.213: require('vim.lsp.util')
007.313  000.103  000.103: require('vim.lsp.sync')
007.321  000.175  000.071: require('vim.lsp._changetracking')
007.536  000.098  000.098: require('vim.lsp._transport')
007.574  000.252  000.154: require('vim.lsp.rpc')
007.608  001.410  000.242: require('vim.lsp')
008.220  000.610  000.610: require('lazy')
008.245  000.014  000.014: require('ffi')
008.313  000.064  000.064: require('lazy.stats')
008.456  000.131  000.131: require('lazy.core.util')
008.571  000.113  000.113: require('lazy.core.config')
008.800  000.097  000.097: require('lazy.core.handler')
009.307  000.134  000.134: require('lazy.pkg')
009.312  000.354  000.220: require('lazy.core.meta')
009.320  000.518  000.164: require('lazy.core.plugin')
009.328  000.755  000.140: require('lazy.core.loader')
009.793  000.051  000.051: require('lazy.async')
009.908  000.055  000.055: require('lazy.manage.process')
009.961  000.051  000.051: require('lazy.terminal')
009.966  000.170  000.063: require('lazy.manage.task')
009.971  000.270  000.049: require('lazy.manage.runner')
009.973  000.341  000.072: require('lazy.manage')
009.976  000.447  000.105: require('lazy.view.commands')
010.062  000.042  000.042: require('lazy.core.fragments')
011.244  000.042  000.042: require('lazy.core.handler.keys')
011.291  000.044  000.044: require('lazy.core.handler.cmd')
011.359  000.041  000.041: require('lazy.core.handler.event')
011.361  000.068  000.027: require('lazy.core.handler.ft')
012.369  000.162  000.162: sourcing nvim_exec2() called at /snap/nvim/4611/usr/share/nvim/runtime/filetype.lua:0
012.373  000.259  000.097: sourcing /snap/nvim/4611/usr/share/nvim/runtime/filetype.lua
012.377  000.299  000.041: sourcing nvim_exec2() called at /home/ozy/.config/nvim/init.lua:0
012.449  000.002  000.002: sourcing nvim_exec2() called at /home/ozy/.config/nvim/init.lua:0
012.460  000.001  000.001: sourcing nvim_exec2() called at /home/ozy/.config/nvim/init.lua:0
012.861  000.337  000.337: require('oil')
012.912  000.049  000.049: require('oil.ringbuf')
012.999  000.085  000.085: require('oil.config')
013.715  000.041  000.041: require('oil.log')
013.725  000.119  000.078: require('oil.fs')
013.910  000.054  000.054: require('oil.constants')
014.156  000.430  000.375: require('oil.util')
014.651  000.106  000.106: require('coocobolo.colors')
014.813  000.116  000.116: require('coocobolo.groups.base')
014.814  000.161  000.044: require('coocobolo.groups.init')
014.823  000.336  000.070: require('coocobolo.config')
014.831  000.553  000.217: require('coocobolo')
014.956  000.121  000.121: sourcing nvim_exec2() called at /home/ozy/.local/share/nvim/lazy/coocobolo.nvim/plugin/coocobolo.lua:0
015.061  000.099  000.099: sourcing nvim_exec2() called at /home/ozy/.local/share/nvim/lazy/coocobolo.nvim/plugin/coocobolo.lua:0
015.068  000.001  000.001: sourcing nvim_exec2() called at /home/ozy/.local/share/nvim/lazy/coocobolo.nvim/plugin/coocobolo.lua:0
015.401  001.152  000.378: sourcing /home/ozy/.local/share/nvim/lazy/coocobolo.nvim/plugin/coocobolo.lua
015.405  001.185  000.032: sourcing nvim_exec2() called at /home/ozy/.config/nvim/init.lua:0
015.411  000.002  000.002: sourcing nvim_exec2() called at /home/ozy/.config/nvim/init.lua:0
015.425  000.001  000.001: sourcing nvim_exec2() called at /home/ozy/.config/nvim/init.lua:0
015.579  000.119  000.119: sourcing nvim_exec2() called at /home/ozy/.config/nvim/init.lua:0
015.676  000.094  000.094: sourcing nvim_exec2() called at /home/ozy/.config/nvim/init.lua:0
015.680  000.001  000.001: sourcing nvim_exec2() called at /home/ozy/.config/nvim/init.lua:0
016.035  000.043  000.043: sourcing /snap/nvim/4611/usr/share/nvim/runtime/plugin/editorconfig.lua
016.038  000.071  000.028: sourcing nvim_exec2() called at /home/ozy/.config/nvim/init.lua:0
016.106  000.043  000.043: sourcing /snap/nvim/4611/usr/share/nvim/runtime/plugin/man.lua
016.109  000.066  000.024: sourcing nvim_exec2() called at /home/ozy/.config/nvim/init.lua:0
016.148  000.014  000.014: sourcing /snap/nvim/4611/usr/share/nvim/runtime/plugin/matchparen.vim
016.150  000.038  000.023: sourcing nvim_exec2() called at /home/ozy/.config/nvim/init.lua:0
016.180  000.007  000.007: sourcing /snap/nvim/4611/usr/share/nvim/runtime/plugin/netrwPlugin.vim
016.182  000.029  000.022: sourcing nvim_exec2() called at /home/ozy/.config/nvim/init.lua:0
016.250  000.043  000.043: sourcing /snap/nvim/4611/usr/share/nvim/runtime/plugin/osc52.lua
016.253  000.065  000.023: sourcing nvim_exec2() called at /home/ozy/.config/nvim/init.lua:0
016.316  000.038  000.038: sourcing /snap/nvim/4611/usr/share/nvim/runtime/plugin/shada.vim
016.318  000.062  000.023: sourcing nvim_exec2() called at /home/ozy/.config/nvim/init.lua:0
016.371  000.013  000.013: sourcing /snap/nvim/4611/usr/share/nvim/runtime/plugin/spellfile.vim
016.373  000.052  000.039: sourcing nvim_exec2() called at /home/ozy/.config/nvim/init.lua:0
016.441  010.353  003.510: require('kbgjtn.lazy')
016.443  013.938  000.016: sourcing /home/ozy/.config/nvim/init.lua
016.448  000.413: sourcing vimrc file(s)
016.531  000.033  000.033: sourcing /snap/nvim/4611/usr/share/nvim/runtime/filetype.lua
016.668  000.046  000.046: sourcing /snap/nvim/4611/usr/share/nvim/runtime/syntax/synload.vim
016.723  000.152  000.106: sourcing /snap/nvim/4611/usr/share/nvim/runtime/syntax/syntax.vim
016.737  000.105: inits 3
018.098  001.361: reading ShaDa
018.212  000.114: opening buffers
018.233  000.021: BufEnter autocommands
018.234  000.001: editing files in windows
018.239  000.005: --- NVIM STARTED ---

--- Startup times for process: Primary (or UI client) ---

times in msec
 clock   self+sourced   self:  sourced script
 clock   elapsed:              other lines

000.000  000.000: --- NVIM STARTING ---
000.129  000.129: event init
000.196  000.067: early init
000.243  000.047: locale set
000.285  000.041: init first window
000.614  000.329: inits 1
000.619  000.005: window checked
000.622  000.003: parsing arguments
000.976  000.029  000.029: require('vim.shared')
001.052  000.028  000.028: require('vim.inspect')
001.089  000.028  000.028: require('vim._options')
001.092  000.114  000.059: require('vim._editor')
001.093  000.161  000.018: require('vim._init_packages')
001.094  000.311: init lua interpreter
001.131  000.037: expanding arguments
001.149  000.018: inits 2
001.345  000.196: init highlight
001.356  000.010: clear screen
001.444  000.011  000.011: require('vim.keymap')
002.013  000.102  000.102: sourcing nvim_exec2()
002.100  000.743  000.630: require('vim._defaults')
002.101  000.003: init default mappings & autocommands
002.469  000.032  000.032: sourcing /snap/nvim/4611/usr/share/nvim/runtime/ftplugin.vim
002.519  000.021  000.021: sourcing /snap/nvim/4611/usr/share/nvim/runtime/indent.vim
003.866  000.004  000.004: require('vim.F')
003.888  000.981  000.977: require('vim.diagnostic')
004.154  001.543  000.562: require('kbgjtn.config.keymaps')
004.363  000.019  000.019: require('vim.fs')
004.434  000.068  000.068: require('vim.uri')
004.445  000.133  000.046: require('vim.loader')
005.564  001.104  001.104: require('vim.filetype')
005.776  000.004  000.004: sourcing nvim_exec2() called at /home/ozy/.config/nvim/init.lua:0
005.788  000.009  000.009: sourcing nvim_exec2() called at /home/ozy/.config/nvim/init.lua:0
005.842  000.003  000.003: sourcing nvim_exec2() called at /home/ozy/.config/nvim/init.lua:0
005.844  000.001  000.001: sourcing nvim_exec2() called at /home/ozy/.config/nvim/init.lua:0
006.156  002.000  000.746: require('kbgjtn.config.options')
006.263  000.105  000.105: require('kbgjtn.config.globals')
006.265  003.680  000.032: require('kbgjtn.config')
006.678  000.090  000.090: require('vim.lsp.log')
007.127  000.447  000.447: require('vim.lsp.protocol')
007.387  000.257  000.257: require('vim.lsp.util')
007.500  000.057  000.057: require('vim.lsp.sync')
007.508  000.119  000.062: require('vim.lsp._changetracking')
007.708  000.112  000.112: require('vim.lsp._transport')
007.719  000.209  000.097: require('vim.lsp.rpc')
007.760  001.340  000.218: require('vim.lsp')
008.405  000.643  000.643: require('lazy')
008.438  000.021  000.021: require('ffi')
008.511  000.069  000.069: require('lazy.stats')
008.642  000.117  000.117: require('lazy.core.util')
008.755  000.111  000.111: require('lazy.core.config')
008.997  000.144  000.144: require('lazy.core.handler')
009.325  000.065  000.065: require('lazy.pkg')
009.331  000.228  000.163: require('lazy.core.meta')
009.335  000.337  000.109: require('lazy.core.plugin')
009.341  000.585  000.105: require('lazy.core.loader')
009.735  000.039  000.039: require('lazy.async')
009.839  000.049  000.049: require('lazy.manage.process')
009.876  000.035  000.035: require('lazy.terminal')
009.879  000.142  000.058: require('lazy.manage.task')
009.881  000.217  000.036: require('lazy.manage.runner')
009.884  000.271  000.054: require('lazy.manage')
009.886  000.341  000.070: require('lazy.view.commands')
009.934  000.034  000.034: require('lazy.core.fragments')
010.743  000.038  000.038: require('lazy.core.handler.event')
010.745  000.079  000.040: require('lazy.core.handler.ft')
010.777  000.029  000.029: require('lazy.core.handler.cmd')
010.810  000.032  000.032: require('lazy.core.handler.keys')
011.689  000.112  000.112: sourcing nvim_exec2() called at /snap/nvim/4611/usr/share/nvim/runtime/filetype.lua:0
011.692  000.178  000.066: sourcing /snap/nvim/4611/usr/share/nvim/runtime/filetype.lua
011.694  000.210  000.032: sourcing nvim_exec2() called at /home/ozy/.config/nvim/init.lua:0
011.791  000.002  000.002: sourcing nvim_exec2() called at /home/ozy/.config/nvim/init.lua:0
011.797  000.001  000.001: sourcing nvim_exec2() called at /home/ozy/.config/nvim/init.lua:0
012.091  000.254  000.254: require('oil')
012.164  000.071  000.071: require('oil.ringbuf')
012.234  000.069  000.069: require('oil.config')
012.867  000.077  000.077: require('oil.log')
012.876  000.149  000.072: require('oil.fs')
013.034  000.041  000.041: require('oil.constants')
013.206  000.328  000.288: require('oil.util')
013.617  000.089  000.089: require('coocobolo.colors')
013.788  000.114  000.114: require('coocobolo.groups.base')
013.790  000.171  000.057: require('coocobolo.groups.init')
013.797  000.312  000.052: require('coocobolo.config')
013.804  000.491  000.179: require('coocobolo')
013.925  000.117  000.117: sourcing nvim_exec2() called at /home/ozy/.local/share/nvim/lazy/coocobolo.nvim/plugin/coocobolo.lua:0
014.029  000.098  000.098: sourcing nvim_exec2() called at /home/ozy/.local/share/nvim/lazy/coocobolo.nvim/plugin/coocobolo.lua:0
014.036  000.002  000.002: sourcing nvim_exec2() called at /home/ozy/.local/share/nvim/lazy/coocobolo.nvim/plugin/coocobolo.lua:0
014.313  001.032  000.324: sourcing /home/ozy/.local/share/nvim/lazy/coocobolo.nvim/plugin/coocobolo.lua
014.317  001.060  000.028: sourcing nvim_exec2() called at /home/ozy/.config/nvim/init.lua:0
014.329  000.002  000.002: sourcing nvim_exec2() called at /home/ozy/.config/nvim/init.lua:0
014.342  000.001  000.001: sourcing nvim_exec2() called at /home/ozy/.config/nvim/init.lua:0
014.516  000.113  000.113: sourcing nvim_exec2() called at /home/ozy/.config/nvim/init.lua:0
014.612  000.093  000.093: sourcing nvim_exec2() called at /home/ozy/.config/nvim/init.lua:0
014.616  000.001  000.001: sourcing nvim_exec2() called at /home/ozy/.config/nvim/init.lua:0
014.992  000.042  000.042: sourcing /snap/nvim/4611/usr/share/nvim/runtime/plugin/editorconfig.lua
014.995  000.070  000.028: sourcing nvim_exec2() called at /home/ozy/.config/nvim/init.lua:0
015.063  000.042  000.042: sourcing /snap/nvim/4611/usr/share/nvim/runtime/plugin/man.lua
015.066  000.066  000.024: sourcing nvim_exec2() called at /home/ozy/.config/nvim/init.lua:0
015.107  000.014  000.014: sourcing /snap/nvim/4611/usr/share/nvim/runtime/plugin/matchparen.vim
015.109  000.038  000.024: sourcing nvim_exec2() called at /home/ozy/.config/nvim/init.lua:0
015.139  000.007  000.007: sourcing /snap/nvim/4611/usr/share/nvim/runtime/plugin/netrwPlugin.vim
015.141  000.029  000.022: sourcing nvim_exec2() called at /home/ozy/.config/nvim/init.lua:0
015.209  000.045  000.045: sourcing /snap/nvim/4611/usr/share/nvim/runtime/plugin/osc52.lua
015.211  000.067  000.023: sourcing nvim_exec2() called at /home/ozy/.config/nvim/init.lua:0
015.276  000.038  000.038: sourcing /snap/nvim/4611/usr/share/nvim/runtime/plugin/shada.vim
015.278  000.062  000.024: sourcing nvim_exec2() called at /home/ozy/.config/nvim/init.lua:0
015.331  000.018  000.018: sourcing /snap/nvim/4611/usr/share/nvim/runtime/plugin/spellfile.vim
015.334  000.053  000.035: sourcing nvim_exec2() called at /home/ozy/.config/nvim/init.lua:0
015.375  009.109  002.970: require('kbgjtn.lazy')
015.376  012.807  000.018: sourcing /home/ozy/.config/nvim/init.lua
015.381  000.420: sourcing vimrc file(s)
015.469  000.038  000.038: sourcing /snap/nvim/4611/usr/share/nvim/runtime/filetype.lua
015.602  000.047  000.047: sourcing /snap/nvim/4611/usr/share/nvim/runtime/syntax/synload.vim
015.655  000.152  000.106: sourcing /snap/nvim/4611/usr/share/nvim/runtime/syntax/syntax.vim
015.669  000.099: inits 3
017.075  001.405: reading ShaDa
017.204  000.129: opening buffers
017.229  000.025: BufEnter autocommands
017.231  000.001: editing files in windows
017.235  000.004: --- NVIM STARTED ---

